Vivado Simulator v2025.2.1
Copyright 1986-2022 Xilinx, Inc. All Rights Reserved.
Copyright 2022-2025 Advanced Micro Devices, Inc. All Rights Reserved.
Running: D:/Program/AMDDesignTools/2025.2.1/Vivado/bin/unwrapped/win64.o/xelab.exe --relax tb_cosim -s tb_cosim_sim 
Multi-threading is on. Using 10 slave threads.
Starting static elaboration
Pass Through NonSizing Optimizer
Completed static elaboration
Starting simulation data flow analysis
Completed simulation data flow analysis
Time Resolution for simulation is 1ps
Compiling module work.control_unit
Compiling module work.immediate_generator
Compiling module work.register_file
Compiling module work.alu
Compiling module work.branch_unit
Compiling module work.instruction_fetch_unit
Compiling module work.IF_ID_REG
Compiling module work.ID_EX_REG
Compiling module work.EX_MEM_REG
Compiling module work.MEM_WB_REG
Compiling module work.Hazard_unit
Compiling module work.data_path
Compiling module work.instruction_memory
Compiling module work.data_memory_dp_default
Compiling module work.top
Compiling module work.tb_cosim
Built simulation snapshot tb_cosim_sim
