#-----------------------------------------------------------
# xsim v2025.2.1 (64-bit)
# SW Build 6403652 on Thu Mar 19 19:48:24 GMT 2026
# IP Build 6403511 on Thu Mar 19 12:41:45 MDT 2026
# SharedData Build 6403650 on Thu Mar 19 14:02:13 MDT 2026
# Start of session at: Fri Jul  3 03:44:39 2026
# Process ID         : 23188
# Current directory  : D:/Vivado/MATLAB_PRED/cosim_work
# Command line       : xsim.exe -mode tcl -source {xsim.dir/tb_cosim_sim/xsim_script.tcl}
# Log file           : D:/Vivado/MATLAB_PRED/cosim_work/xsim.log
# Journal file       : D:/Vivado/MATLAB_PRED/cosim_work\xsim.jou
# Running On         : LAPTOP-HBTVKKGR
# Platform           : Windows Server 2016 or Windows 10
# Operating System   : 26200
# Processor Detail   : 12th Gen Intel(R) Core(TM) i5-12450H
# CPU Frequency      : 2496 MHz
# CPU Physical cores : 8
# CPU Logical cores  : 12
# Host memory        : 25370 MB
# Swap memory        : 7784 MB
# Total Virtual      : 33155 MB
# Available Virtual  : 7415 MB
#-----------------------------------------------------------
source xsim.dir/tb_cosim_sim/xsim_script.tcl
# xsim {tb_cosim_sim} -autoloadwcfg -runall
Time resolution is 1 ps
run -all
>> Da nap anh, nha reset. Dang chay inference...
   ... dang chay (100 k chu ky)
   ... dang chay (200 k chu ky)
   ... dang chay (300 k chu ky)
   ... dang chay (400 k chu ky)
   ... dang chay (500 k chu ky)
>> done, pred = 4
$finish called at time : 5654290 ns : File "D:/Vivado/MATLAB_PRED/cosim_work/tb_cosim.v" Line 65
exit
INFO: [Common 17-206] Exiting xsim at Fri Jul  3 03:44:43 2026...
