
*** Running vivado
    with args -log design_1_wrapper.vds -m64 -product Vivado -mode batch -messageDb vivado.pb -notrace -source design_1_wrapper.tcl



****** Vivado v2025.2.1 (64-bit)
  **** SW Build 6403652 on Thu Mar 19 19:48:24 GMT 2026
  **** IP Build 6403511 on Thu Mar 19 12:41:45 MDT 2026
  **** SharedData Build 6403650 on Thu Mar 19 14:02:13 MDT 2026
  **** Start of session at: Fri Jul  3 01:50:32 2026
    ** Copyright 1986-2022 Xilinx, Inc. All Rights Reserved.
    ** Copyright 2022-2026 Advanced Micro Devices, Inc. All Rights Reserved.

source design_1_wrapper.tcl -notrace
create_project: Time (s): cpu = 00:00:08 ; elapsed = 00:00:07 . Memory (MB): peak = 614.785 ; gain = 220.750
INFO: [IP_Flow 19-234] Refreshing IP repositories
INFO: [IP_Flow 19-1704] No user IP repositories specified
INFO: [IP_Flow 19-2313] Loaded Vivado IP repository 'D:/Program/AMDDesignTools/2025.2.1/Vivado/data/ip'.
Command: read_checkpoint -auto_incremental -incremental D:/Vivado/RISCV_Pipeline_5STG/RISCV_Pipeline_5STG.srcs/utils_1/imports/synth_1/design_1_wrapper.dcp
INFO: [Vivado 12-5825] Read reference checkpoint from D:/Vivado/RISCV_Pipeline_5STG/RISCV_Pipeline_5STG.srcs/utils_1/imports/synth_1/design_1_wrapper.dcp for incremental synthesis
INFO: [Vivado 12-7989] Please ensure there are no constraint changes
Command: synth_design -top design_1_wrapper -part xc7z020clg400-1
Starting synth_design
Attempting to get a license for feature 'Synthesis' and/or device 'xc7z020'
INFO: [Common 17-349] Got license for feature 'Synthesis' and/or device 'xc7z020'
WARNING: [Vivado_Tcl 4-1809] The reference checkpoint is from an old version of Vivado; A full resynthesis flow will be run
INFO: [Device 21-403] Loading part xc7z020clg400-1
INFO: [Designutils 20-5440] No compile time benefit to using incremental synthesis; A full resynthesis will be run
INFO: [Designutils 20-4379] Flow is switching to default flow due to incremental criteria not met. If you would like to alter this behaviour and have the flow terminate instead, please set the following parameter config_implementation {autoIncr.Synth.RejectBehavior Terminate}
INFO: [Synth 8-7079] Multithreading enabled for synth_design using a maximum of 2 processes.
INFO: [Synth 8-7078] Launching helper process for spawning children vivado processes
INFO: [Synth 8-7075] Helper process launched with PID 25308
---------------------------------------------------------------------------------
Starting RTL Elaboration : Time (s): cpu = 00:00:07 ; elapsed = 00:00:08 . Memory (MB): peak = 1443.629 ; gain = 542.008
---------------------------------------------------------------------------------
INFO: [Synth 8-6157] synthesizing module 'design_1_wrapper' [D:/Vivado/RISCV_Pipeline_5STG/RISCV_Pipeline_5STG.gen/sources_1/bd/design_1/hdl/design_1_wrapper.v:13]
INFO: [Synth 8-6157] synthesizing module 'design_1' [d:/Vivado/RISCV_Pipeline_5STG/RISCV_Pipeline_5STG.gen/sources_1/bd/design_1/synth/design_1.v:13]
INFO: [Synth 8-6157] synthesizing module 'design_1_axi_bram_ctrl_0_0' [D:/Vivado/RISCV_Pipeline_5STG/RISCV_Pipeline_5STG.runs/synth_1/.Xil/Vivado-12312-LAPTOP-HBTVKKGR/realtime/design_1_axi_bram_ctrl_0_0_stub.v:6]
INFO: [Synth 8-6155] done synthesizing module 'design_1_axi_bram_ctrl_0_0' (0#1) [D:/Vivado/RISCV_Pipeline_5STG/RISCV_Pipeline_5STG.runs/synth_1/.Xil/Vivado-12312-LAPTOP-HBTVKKGR/realtime/design_1_axi_bram_ctrl_0_0_stub.v:6]
INFO: [Synth 8-6157] synthesizing module 'design_1_axi_gpio_0_0' [D:/Vivado/RISCV_Pipeline_5STG/RISCV_Pipeline_5STG.runs/synth_1/.Xil/Vivado-12312-LAPTOP-HBTVKKGR/realtime/design_1_axi_gpio_0_0_stub.v:6]
INFO: [Synth 8-6155] done synthesizing module 'design_1_axi_gpio_0_0' (0#1) [D:/Vivado/RISCV_Pipeline_5STG/RISCV_Pipeline_5STG.runs/synth_1/.Xil/Vivado-12312-LAPTOP-HBTVKKGR/realtime/design_1_axi_gpio_0_0_stub.v:6]
INFO: [Synth 8-6157] synthesizing module 'design_1_axi_smc_0' [D:/Vivado/RISCV_Pipeline_5STG/RISCV_Pipeline_5STG.runs/synth_1/.Xil/Vivado-12312-LAPTOP-HBTVKKGR/realtime/design_1_axi_smc_0_stub.v:6]
INFO: [Synth 8-6155] done synthesizing module 'design_1_axi_smc_0' (0#1) [D:/Vivado/RISCV_Pipeline_5STG/RISCV_Pipeline_5STG.runs/synth_1/.Xil/Vivado-12312-LAPTOP-HBTVKKGR/realtime/design_1_axi_smc_0_stub.v:6]
WARNING: [Synth 8-7071] port 'M00_AXI_awqos' of module 'design_1_axi_smc_0' is unconnected for instance 'axi_smc' [d:/Vivado/RISCV_Pipeline_5STG/RISCV_Pipeline_5STG.gen/sources_1/bd/design_1/synth/design_1.v:242]
WARNING: [Synth 8-7071] port 'M00_AXI_arqos' of module 'design_1_axi_smc_0' is unconnected for instance 'axi_smc' [d:/Vivado/RISCV_Pipeline_5STG/RISCV_Pipeline_5STG.gen/sources_1/bd/design_1/synth/design_1.v:242]
WARNING: [Synth 8-7071] port 'M01_AXI_awprot' of module 'design_1_axi_smc_0' is unconnected for instance 'axi_smc' [d:/Vivado/RISCV_Pipeline_5STG/RISCV_Pipeline_5STG.gen/sources_1/bd/design_1/synth/design_1.v:242]
WARNING: [Synth 8-7071] port 'M01_AXI_arprot' of module 'design_1_axi_smc_0' is unconnected for instance 'axi_smc' [d:/Vivado/RISCV_Pipeline_5STG/RISCV_Pipeline_5STG.gen/sources_1/bd/design_1/synth/design_1.v:242]
WARNING: [Synth 8-7023] instance 'axi_smc' of module 'design_1_axi_smc_0' has 92 connections declared, but only 88 given [d:/Vivado/RISCV_Pipeline_5STG/RISCV_Pipeline_5STG.gen/sources_1/bd/design_1/synth/design_1.v:242]
INFO: [Synth 8-6157] synthesizing module 'design_1_processing_system7_0_0' [D:/Vivado/RISCV_Pipeline_5STG/RISCV_Pipeline_5STG.runs/synth_1/.Xil/Vivado-12312-LAPTOP-HBTVKKGR/realtime/design_1_processing_system7_0_0_stub.v:6]
INFO: [Synth 8-6155] done synthesizing module 'design_1_processing_system7_0_0' (0#1) [D:/Vivado/RISCV_Pipeline_5STG/RISCV_Pipeline_5STG.runs/synth_1/.Xil/Vivado-12312-LAPTOP-HBTVKKGR/realtime/design_1_processing_system7_0_0_stub.v:6]
WARNING: [Synth 8-7071] port 'USB0_PORT_INDCTL' of module 'design_1_processing_system7_0_0' is unconnected for instance 'processing_system7_0' [d:/Vivado/RISCV_Pipeline_5STG/RISCV_Pipeline_5STG.gen/sources_1/bd/design_1/synth/design_1.v:331]
WARNING: [Synth 8-7071] port 'USB0_VBUS_PWRSELECT' of module 'design_1_processing_system7_0_0' is unconnected for instance 'processing_system7_0' [d:/Vivado/RISCV_Pipeline_5STG/RISCV_Pipeline_5STG.gen/sources_1/bd/design_1/synth/design_1.v:331]
WARNING: [Synth 8-7023] instance 'processing_system7_0' of module 'design_1_processing_system7_0_0' has 65 connections declared, but only 63 given [d:/Vivado/RISCV_Pipeline_5STG/RISCV_Pipeline_5STG.gen/sources_1/bd/design_1/synth/design_1.v:331]
INFO: [Synth 8-6157] synthesizing module 'design_1_rst_ps7_0_100M_0' [D:/Vivado/RISCV_Pipeline_5STG/RISCV_Pipeline_5STG.runs/synth_1/.Xil/Vivado-12312-LAPTOP-HBTVKKGR/realtime/design_1_rst_ps7_0_100M_0_stub.v:6]
INFO: [Synth 8-6155] done synthesizing module 'design_1_rst_ps7_0_100M_0' (0#1) [D:/Vivado/RISCV_Pipeline_5STG/RISCV_Pipeline_5STG.runs/synth_1/.Xil/Vivado-12312-LAPTOP-HBTVKKGR/realtime/design_1_rst_ps7_0_100M_0_stub.v:6]
WARNING: [Synth 8-7071] port 'mb_reset' of module 'design_1_rst_ps7_0_100M_0' is unconnected for instance 'rst_ps7_0_100M' [d:/Vivado/RISCV_Pipeline_5STG/RISCV_Pipeline_5STG.gen/sources_1/bd/design_1/synth/design_1.v:395]
WARNING: [Synth 8-7071] port 'bus_struct_reset' of module 'design_1_rst_ps7_0_100M_0' is unconnected for instance 'rst_ps7_0_100M' [d:/Vivado/RISCV_Pipeline_5STG/RISCV_Pipeline_5STG.gen/sources_1/bd/design_1/synth/design_1.v:395]
WARNING: [Synth 8-7071] port 'peripheral_reset' of module 'design_1_rst_ps7_0_100M_0' is unconnected for instance 'rst_ps7_0_100M' [d:/Vivado/RISCV_Pipeline_5STG/RISCV_Pipeline_5STG.gen/sources_1/bd/design_1/synth/design_1.v:395]
WARNING: [Synth 8-7071] port 'interconnect_aresetn' of module 'design_1_rst_ps7_0_100M_0' is unconnected for instance 'rst_ps7_0_100M' [d:/Vivado/RISCV_Pipeline_5STG/RISCV_Pipeline_5STG.gen/sources_1/bd/design_1/synth/design_1.v:395]
WARNING: [Synth 8-7023] instance 'rst_ps7_0_100M' of module 'design_1_rst_ps7_0_100M_0' has 10 connections declared, but only 6 given [d:/Vivado/RISCV_Pipeline_5STG/RISCV_Pipeline_5STG.gen/sources_1/bd/design_1/synth/design_1.v:395]
INFO: [Synth 8-6157] synthesizing module 'design_1_top_0_1' [D:/Vivado/RISCV_Pipeline_5STG/RISCV_Pipeline_5STG.runs/synth_1/.Xil/Vivado-12312-LAPTOP-HBTVKKGR/realtime/design_1_top_0_1_stub.v:6]
INFO: [Synth 8-6155] done synthesizing module 'design_1_top_0_1' (0#1) [D:/Vivado/RISCV_Pipeline_5STG/RISCV_Pipeline_5STG.runs/synth_1/.Xil/Vivado-12312-LAPTOP-HBTVKKGR/realtime/design_1_top_0_1_stub.v:6]
WARNING: [Synth 8-7071] port 'debug_data' of module 'design_1_top_0_1' is unconnected for instance 'top_0' [d:/Vivado/RISCV_Pipeline_5STG/RISCV_Pipeline_5STG.gen/sources_1/bd/design_1/synth/design_1.v:402]
WARNING: [Synth 8-7071] port 'debug_valid' of module 'design_1_top_0_1' is unconnected for instance 'top_0' [d:/Vivado/RISCV_Pipeline_5STG/RISCV_Pipeline_5STG.gen/sources_1/bd/design_1/synth/design_1.v:402]
WARNING: [Synth 8-7023] instance 'top_0' of module 'design_1_top_0_1' has 12 connections declared, but only 10 given [d:/Vivado/RISCV_Pipeline_5STG/RISCV_Pipeline_5STG.gen/sources_1/bd/design_1/synth/design_1.v:402]
INFO: [Synth 8-6155] done synthesizing module 'design_1' (0#1) [d:/Vivado/RISCV_Pipeline_5STG/RISCV_Pipeline_5STG.gen/sources_1/bd/design_1/synth/design_1.v:13]
INFO: [Synth 8-6155] done synthesizing module 'design_1_wrapper' (0#1) [D:/Vivado/RISCV_Pipeline_5STG/RISCV_Pipeline_5STG.gen/sources_1/bd/design_1/hdl/design_1_wrapper.v:13]
---------------------------------------------------------------------------------
Finished RTL Elaboration : Time (s): cpu = 00:00:10 ; elapsed = 00:00:11 . Memory (MB): peak = 1570.371 ; gain = 668.750
---------------------------------------------------------------------------------
---------------------------------------------------------------------------------
Start Handling Custom Attributes
---------------------------------------------------------------------------------
---------------------------------------------------------------------------------
Finished Handling Custom Attributes : Time (s): cpu = 00:00:10 ; elapsed = 00:00:11 . Memory (MB): peak = 1570.371 ; gain = 668.750
---------------------------------------------------------------------------------
---------------------------------------------------------------------------------
Finished RTL Optimization Phase 1 : Time (s): cpu = 00:00:10 ; elapsed = 00:00:11 . Memory (MB): peak = 1570.371 ; gain = 668.750
---------------------------------------------------------------------------------
Netlist sorting complete. Time (s): cpu = 00:00:00 ; elapsed = 00:00:00.012 . Memory (MB): peak = 1570.371 ; gain = 0.000
INFO: [Project 1-570] Preparing netlist for logic optimization

Processing XDC Constraints
Initializing timing engine
Parsing XDC File [d:/Vivado/RISCV_Pipeline_5STG/RISCV_Pipeline_5STG.gen/sources_1/bd/design_1/ip/design_1_processing_system7_0_0/design_1_processing_system7_0_0/design_1_processing_system7_0_0_in_context.xdc] for cell 'design_1_i/processing_system7_0'
Finished Parsing XDC File [d:/Vivado/RISCV_Pipeline_5STG/RISCV_Pipeline_5STG.gen/sources_1/bd/design_1/ip/design_1_processing_system7_0_0/design_1_processing_system7_0_0/design_1_processing_system7_0_0_in_context.xdc] for cell 'design_1_i/processing_system7_0'
Parsing XDC File [d:/Vivado/RISCV_Pipeline_5STG/RISCV_Pipeline_5STG.gen/sources_1/bd/design_1/ip/design_1_axi_gpio_0_0/design_1_axi_gpio_0_0/design_1_axi_gpio_0_0_in_context.xdc] for cell 'design_1_i/axi_gpio_0'
Finished Parsing XDC File [d:/Vivado/RISCV_Pipeline_5STG/RISCV_Pipeline_5STG.gen/sources_1/bd/design_1/ip/design_1_axi_gpio_0_0/design_1_axi_gpio_0_0/design_1_axi_gpio_0_0_in_context.xdc] for cell 'design_1_i/axi_gpio_0'
Parsing XDC File [d:/Vivado/RISCV_Pipeline_5STG/RISCV_Pipeline_5STG.gen/sources_1/bd/design_1/ip/design_1_axi_bram_ctrl_0_0/design_1_axi_bram_ctrl_0_0/design_1_axi_bram_ctrl_0_0_in_context.xdc] for cell 'design_1_i/axi_bram_ctrl_0'
Finished Parsing XDC File [d:/Vivado/RISCV_Pipeline_5STG/RISCV_Pipeline_5STG.gen/sources_1/bd/design_1/ip/design_1_axi_bram_ctrl_0_0/design_1_axi_bram_ctrl_0_0/design_1_axi_bram_ctrl_0_0_in_context.xdc] for cell 'design_1_i/axi_bram_ctrl_0'
Parsing XDC File [d:/Vivado/RISCV_Pipeline_5STG/RISCV_Pipeline_5STG.gen/sources_1/bd/design_1/ip/design_1_axi_smc_0/design_1_axi_smc_0/design_1_axi_smc_0_in_context.xdc] for cell 'design_1_i/axi_smc'
Finished Parsing XDC File [d:/Vivado/RISCV_Pipeline_5STG/RISCV_Pipeline_5STG.gen/sources_1/bd/design_1/ip/design_1_axi_smc_0/design_1_axi_smc_0/design_1_axi_smc_0_in_context.xdc] for cell 'design_1_i/axi_smc'
Parsing XDC File [d:/Vivado/RISCV_Pipeline_5STG/RISCV_Pipeline_5STG.gen/sources_1/bd/design_1/ip/design_1_rst_ps7_0_100M_0/design_1_rst_ps7_0_100M_0/design_1_rst_ps7_0_100M_0_in_context.xdc] for cell 'design_1_i/rst_ps7_0_100M'
Finished Parsing XDC File [d:/Vivado/RISCV_Pipeline_5STG/RISCV_Pipeline_5STG.gen/sources_1/bd/design_1/ip/design_1_rst_ps7_0_100M_0/design_1_rst_ps7_0_100M_0/design_1_rst_ps7_0_100M_0_in_context.xdc] for cell 'design_1_i/rst_ps7_0_100M'
Parsing XDC File [d:/Vivado/RISCV_Pipeline_5STG/RISCV_Pipeline_5STG.gen/sources_1/bd/design_1/ip/design_1_top_0_1/design_1_top_0_1/design_1_top_0_1_in_context.xdc] for cell 'design_1_i/top_0'
Finished Parsing XDC File [d:/Vivado/RISCV_Pipeline_5STG/RISCV_Pipeline_5STG.gen/sources_1/bd/design_1/ip/design_1_top_0_1/design_1_top_0_1/design_1_top_0_1_in_context.xdc] for cell 'design_1_i/top_0'
Parsing XDC File [D:/Vivado/RISCV_Pipeline_5STG/RISCV_Pipeline_5STG.srcs/constrs_1/new/constraint_riscv.xdc]
Finished Parsing XDC File [D:/Vivado/RISCV_Pipeline_5STG/RISCV_Pipeline_5STG.srcs/constrs_1/new/constraint_riscv.xdc]
INFO: [Project 1-236] Implementation specific constraints were found while reading constraint file [D:/Vivado/RISCV_Pipeline_5STG/RISCV_Pipeline_5STG.srcs/constrs_1/new/constraint_riscv.xdc]. These constraints will be ignored for synthesis but will be used in implementation. Impacted constraints are listed in the file [.Xil/design_1_wrapper_propImpl.xdc].
Resolution: To avoid this warning, move constraints listed in [.Xil/design_1_wrapper_propImpl.xdc] to another XDC file and exclude this new file from synthesis with the used_in_synthesis property (File Properties dialog in GUI) and re-run elaboration/synthesis.
Parsing XDC File [D:/Vivado/RISCV_Pipeline_5STG/RISCV_Pipeline_5STG.runs/synth_1/dont_touch.xdc]
Finished Parsing XDC File [D:/Vivado/RISCV_Pipeline_5STG/RISCV_Pipeline_5STG.runs/synth_1/dont_touch.xdc]
Completed Processing XDC Constraints

Netlist sorting complete. Time (s): cpu = 00:00:00 ; elapsed = 00:00:00 . Memory (MB): peak = 1570.371 ; gain = 0.000
INFO: [Project 1-111] Unisim Transformation Summary:
No Unisim elements were transformed.

Constraint Validation Runtime : Time (s): cpu = 00:00:00 ; elapsed = 00:00:00.018 . Memory (MB): peak = 1570.371 ; gain = 0.000
INFO: [Designutils 20-5440] No compile time benefit to using incremental synthesis; A full resynthesis will be run
INFO: [Designutils 20-4379] Flow is switching to default flow due to incremental criteria not met. If you would like to alter this behaviour and have the flow terminate instead, please set the following parameter config_implementation {autoIncr.Synth.RejectBehavior Terminate}
---------------------------------------------------------------------------------
Finished Constraint Validation : Time (s): cpu = 00:00:21 ; elapsed = 00:00:23 . Memory (MB): peak = 1570.371 ; gain = 668.750
---------------------------------------------------------------------------------
---------------------------------------------------------------------------------
Start Loading Part and Timing Information
---------------------------------------------------------------------------------
Loading part: xc7z020clg400-1
---------------------------------------------------------------------------------
Finished Loading Part and Timing Information : Time (s): cpu = 00:00:21 ; elapsed = 00:00:23 . Memory (MB): peak = 1570.371 ; gain = 668.750
---------------------------------------------------------------------------------
---------------------------------------------------------------------------------
Start Applying 'set_property' XDC Constraints
---------------------------------------------------------------------------------
---------------------------------------------------------------------------------
Finished applying 'set_property' XDC Constraints : Time (s): cpu = 00:00:21 ; elapsed = 00:00:23 . Memory (MB): peak = 1570.371 ; gain = 668.750
---------------------------------------------------------------------------------
---------------------------------------------------------------------------------
Finished RTL Optimization Phase 2 : Time (s): cpu = 00:00:22 ; elapsed = 00:00:23 . Memory (MB): peak = 1570.371 ; gain = 668.750
---------------------------------------------------------------------------------
---------------------------------------------------------------------------------
Start RTL Component Statistics 
---------------------------------------------------------------------------------
Detailed RTL Component Info : 
---------------------------------------------------------------------------------
Finished RTL Component Statistics 
---------------------------------------------------------------------------------
---------------------------------------------------------------------------------
Start Part Resource Summary
---------------------------------------------------------------------------------
Part Resources:
DSPs: 220 (col length:60)
BRAMs: 280 (col length: RAMB18 60 RAMB36 30)
---------------------------------------------------------------------------------
Finished Part Resource Summary
---------------------------------------------------------------------------------
---------------------------------------------------------------------------------
Start Cross Boundary and Area Optimization
---------------------------------------------------------------------------------
---------------------------------------------------------------------------------
Finished Cross Boundary and Area Optimization : Time (s): cpu = 00:00:24 ; elapsed = 00:00:26 . Memory (MB): peak = 1570.555 ; gain = 668.934
---------------------------------------------------------------------------------
---------------------------------------------------------------------------------
Start Applying XDC Timing Constraints
---------------------------------------------------------------------------------
---------------------------------------------------------------------------------
Finished Applying XDC Timing Constraints : Time (s): cpu = 00:00:30 ; elapsed = 00:00:33 . Memory (MB): peak = 1745.305 ; gain = 843.684
---------------------------------------------------------------------------------
---------------------------------------------------------------------------------
Start Timing Optimization
---------------------------------------------------------------------------------
---------------------------------------------------------------------------------
Finished Timing Optimization : Time (s): cpu = 00:00:30 ; elapsed = 00:00:33 . Memory (MB): peak = 1745.527 ; gain = 843.906
---------------------------------------------------------------------------------
---------------------------------------------------------------------------------
Start Technology Mapping
---------------------------------------------------------------------------------
---------------------------------------------------------------------------------
Finished Technology Mapping : Time (s): cpu = 00:00:30 ; elapsed = 00:00:33 . Memory (MB): peak = 1755.754 ; gain = 854.133
---------------------------------------------------------------------------------
---------------------------------------------------------------------------------
Start IO Insertion
---------------------------------------------------------------------------------
---------------------------------------------------------------------------------
Start Flattening Before IO Insertion
---------------------------------------------------------------------------------
---------------------------------------------------------------------------------
Finished Flattening Before IO Insertion
---------------------------------------------------------------------------------
---------------------------------------------------------------------------------
Start Final Netlist Cleanup
---------------------------------------------------------------------------------
---------------------------------------------------------------------------------
Finished Final Netlist Cleanup
---------------------------------------------------------------------------------
---------------------------------------------------------------------------------
Finished IO Insertion : Time (s): cpu = 00:00:35 ; elapsed = 00:00:37 . Memory (MB): peak = 2004.227 ; gain = 1102.605
---------------------------------------------------------------------------------
---------------------------------------------------------------------------------
Start Renaming Generated Instances
---------------------------------------------------------------------------------
---------------------------------------------------------------------------------
Finished Renaming Generated Instances : Time (s): cpu = 00:00:35 ; elapsed = 00:00:37 . Memory (MB): peak = 2004.227 ; gain = 1102.605
---------------------------------------------------------------------------------
---------------------------------------------------------------------------------
Start Rebuilding User Hierarchy
---------------------------------------------------------------------------------
---------------------------------------------------------------------------------
Finished Rebuilding User Hierarchy : Time (s): cpu = 00:00:35 ; elapsed = 00:00:37 . Memory (MB): peak = 2004.227 ; gain = 1102.605
---------------------------------------------------------------------------------
---------------------------------------------------------------------------------
Start Renaming Generated Ports
---------------------------------------------------------------------------------
---------------------------------------------------------------------------------
Finished Renaming Generated Ports : Time (s): cpu = 00:00:35 ; elapsed = 00:00:37 . Memory (MB): peak = 2004.227 ; gain = 1102.605
---------------------------------------------------------------------------------
---------------------------------------------------------------------------------
Start Handling Custom Attributes
---------------------------------------------------------------------------------
---------------------------------------------------------------------------------
Finished Handling Custom Attributes : Time (s): cpu = 00:00:35 ; elapsed = 00:00:37 . Memory (MB): peak = 2004.227 ; gain = 1102.605
---------------------------------------------------------------------------------
---------------------------------------------------------------------------------
Start Renaming Generated Nets
---------------------------------------------------------------------------------
---------------------------------------------------------------------------------
Finished Renaming Generated Nets : Time (s): cpu = 00:00:35 ; elapsed = 00:00:37 . Memory (MB): peak = 2004.227 ; gain = 1102.605
---------------------------------------------------------------------------------
---------------------------------------------------------------------------------
Start Writing Synthesis Report
---------------------------------------------------------------------------------

Report BlackBoxes: 
+------+--------------------------------+----------+
|      |BlackBox name                   |Instances |
+------+--------------------------------+----------+
|1     |design_1_axi_bram_ctrl_0_0      |         1|
|2     |design_1_axi_gpio_0_0           |         1|
|3     |design_1_axi_smc_0              |         1|
|4     |design_1_processing_system7_0_0 |         1|
|5     |design_1_rst_ps7_0_100M_0       |         1|
|6     |design_1_top_0_1                |         1|
+------+--------------------------------+----------+

Report Cell Usage: 
+------+------------------------------+------+
|      |Cell                          |Count |
+------+------------------------------+------+
|1     |design_1_axi_bram_ctrl_0      |     1|
|2     |design_1_axi_gpio_0           |     1|
|3     |design_1_axi_smc              |     1|
|4     |design_1_processing_system7_0 |     1|
|5     |design_1_rst_ps7_0_100M       |     1|
|6     |design_1_top_0                |     1|
|7     |OBUF                          |     4|
+------+------------------------------+------+
---------------------------------------------------------------------------------
Finished Writing Synthesis Report : Time (s): cpu = 00:00:35 ; elapsed = 00:00:37 . Memory (MB): peak = 2004.227 ; gain = 1102.605
---------------------------------------------------------------------------------
Synthesis finished with 0 errors, 0 critical warnings and 0 warnings.
Synthesis Optimization Runtime : Time (s): cpu = 00:00:22 ; elapsed = 00:00:34 . Memory (MB): peak = 2004.227 ; gain = 1102.605
Synthesis Optimization Complete : Time (s): cpu = 00:00:35 ; elapsed = 00:00:37 . Memory (MB): peak = 2004.227 ; gain = 1102.605
INFO: [Project 1-571] Translating synthesized netlist
Netlist sorting complete. Time (s): cpu = 00:00:00 ; elapsed = 00:00:00.006 . Memory (MB): peak = 2013.375 ; gain = 0.000
INFO: [Project 1-570] Preparing netlist for logic optimization
INFO: [Opt 31-138] Pushed 0 inverter(s) to 0 load pin(s).
Netlist sorting complete. Time (s): cpu = 00:00:00 ; elapsed = 00:00:00 . Memory (MB): peak = 2016.910 ; gain = 0.000
INFO: [Project 1-111] Unisim Transformation Summary:
No Unisim elements were transformed.

Synth Design complete | Checksum: 5bb1025
INFO: [Common 17-83] Releasing license: Synthesis
38 Infos, 17 Warnings, 0 Critical Warnings and 0 Errors encountered.
synth_design completed successfully
synth_design: Time (s): cpu = 00:00:39 ; elapsed = 00:00:45 . Memory (MB): peak = 2016.910 ; gain = 1347.891
Write ShapeDB Complete: Time (s): cpu = 00:00:00 ; elapsed = 00:00:00 . Memory (MB): peak = 2016.910 ; gain = 0.000
INFO: [Common 17-1381] The checkpoint 'D:/Vivado/RISCV_Pipeline_5STG/RISCV_Pipeline_5STG.runs/synth_1/design_1_wrapper.dcp' has been generated.
INFO: [Vivado 12-24828] Executing command : report_utilization -file design_1_wrapper_utilization_synth.rpt -pb design_1_wrapper_utilization_synth.pb
INFO: [Common 17-206] Exiting Vivado at Fri Jul  3 01:51:34 2026...
